// Jest Snapshot v1, https://goo.gl/fbAQLP

exports[`Password field control should set all the props 1`] = `
<WithStyles(ForwardRef(FormControl))>
  <WithStyles(ForwardRef(InputLabel))
    htmlFor="Password"
  >
    Password
  </WithStyles(ForwardRef(InputLabel))>
  <WithStyles(ForwardRef(Input))
    disabled={true}
    endAdornment={
      <ForwardRef(WithStyles)
        position="end"
      >
        <ForwardRef(WithStyles)
          aria-label="Toggle password visibility"
          onClick={[Function]}
        >
          <ForwardRef(WithStyles)>
            visibility
          </ForwardRef(WithStyles)>
        </ForwardRef(WithStyles)>
      </ForwardRef(WithStyles)>
    }
    fullWidth={true}
    id="Password"
    name="Password"
    onChange={[Function]}
    placeholder="Password"
    required={true}
    type="password"
    value=""
  />
  <WithStyles(ForwardRef(FormHelperText))>
    User password.
  </WithStyles(ForwardRef(FormHelperText))>
</WithStyles(ForwardRef(FormControl))>
`;
