// Jest Snapshot v1, https://goo.gl/fbAQLP

exports[`ReferenceField Component Container Should be rendered without error 1`] = `
<WithStyles(ForwardRef(Paper))
  square={true}
  style={
    Object {
      "position": "fixed",
      "zIndex": 1,
    }
  }
>
  <WithStyles(ForwardRef(List))
    className=""
    component="nav"
    id="1"
    key="1"
    role=""
    style={
      Object {
        "padding": 0,
      }
    }
  >
    <span>
      a
    </span>
  </WithStyles(ForwardRef(List))>
</WithStyles(ForwardRef(Paper))>
`;

exports[`ReferenceField Component InputField Should be rendered without error 1`] = `
<WithStyles(ForwardRef(TextField))
  InputProps={
    Object {
      "inputRef": [Function],
    }
  }
  onChange={[Function]}
  type="text"
  value=""
/>
`;

exports[`ReferenceField Component Suggestion Should be rendered without error 1`] = `
<WithStyles(ForwardRef(ListItem))
  button={true}
  key="1"
  selected={true}
>
  <WithStyles(ForwardRef(ListItemText))
    primary={
      Array [
        <strong>
          Al
        </strong>,
        <span>
          ma
        </span>,
      ]
    }
    secondary={
      Array [
        <span>
          Root/Sites/
        </span>,
        <strong>
          Al
        </strong>,
        <span>
          ma
        </span>,
      ]
    }
  />
</WithStyles(ForwardRef(ListItem))>
`;
