// Jest Snapshot v1, https://goo.gl/fbAQLP

exports[`Document Viewer Loading component should render without crashing 1`] = `
<div
  className="makeStyles-mainWrapper-1"
>
  <div
    className="makeStyles-loaderWrapper-2"
  >
    <img
      alt="Loader"
      src=""
    />
    <WithStyles(ForwardRef(Typography))
      align="center"
      className="makeStyles-typography-3"
      color="textSecondary"
      variant="h5"
    >
      Preview image generation is in progress
    </WithStyles(ForwardRef(Typography))>
  </div>
</div>
`;
