// Jest Snapshot v1, https://goo.gl/fbAQLP

exports[`Document Regenerate Previews component Should trigger regeneration on button click 1`] = `
<DocumentViewerRegeneratePreviews>
  <div
    className="makeStyles-mainWrapper-1"
  >
    <div
      className="makeStyles-regenerateWrapper-2"
    >
      <WithStyles(ForwardRef(Typography))
        align="center"
        color="textSecondary"
        gutterBottom={true}
        variant="subtitle1"
      >
        <ForwardRef(Typography)
          align="center"
          classes={
            Object {
              "alignCenter": "MuiTypography-alignCenter",
              "alignJustify": "MuiTypography-alignJustify",
              "alignLeft": "MuiTypography-alignLeft",
              "alignRight": "MuiTypography-alignRight",
              "body1": "MuiTypography-body1",
              "body2": "MuiTypography-body2",
              "button": "MuiTypography-button",
              "caption": "MuiTypography-caption",
              "colorError": "MuiTypography-colorError",
              "colorInherit": "MuiTypography-colorInherit",
              "colorPrimary": "MuiTypography-colorPrimary",
              "colorSecondary": "MuiTypography-colorSecondary",
              "colorTextPrimary": "MuiTypography-colorTextPrimary",
              "colorTextSecondary": "MuiTypography-colorTextSecondary",
              "displayBlock": "MuiTypography-displayBlock",
              "displayInline": "MuiTypography-displayInline",
              "gutterBottom": "MuiTypography-gutterBottom",
              "h1": "MuiTypography-h1",
              "h2": "MuiTypography-h2",
              "h3": "MuiTypography-h3",
              "h4": "MuiTypography-h4",
              "h5": "MuiTypography-h5",
              "h6": "MuiTypography-h6",
              "noWrap": "MuiTypography-noWrap",
              "overline": "MuiTypography-overline",
              "paragraph": "MuiTypography-paragraph",
              "root": "MuiTypography-root",
              "srOnly": "MuiTypography-srOnly",
              "subtitle1": "MuiTypography-subtitle1",
              "subtitle2": "MuiTypography-subtitle2",
            }
          }
          color="textSecondary"
          gutterBottom={true}
          variant="subtitle1"
        >
          <h6
            className="MuiTypography-root MuiTypography-subtitle1 MuiTypography-colorTextSecondary MuiTypography-gutterBottom MuiTypography-alignCenter"
          >
            The preview images are not generated yet. Do you want to generate them?
          </h6>
        </ForwardRef(Typography)>
      </WithStyles(ForwardRef(Typography))>
      <WithStyles(ForwardRef(Button))
        disabled={false}
        onClick={[Function]}
        variant="contained"
      >
        <ForwardRef(Button)
          classes={
            Object {
              "colorInherit": "MuiButton-colorInherit",
              "contained": "MuiButton-contained",
              "containedPrimary": "MuiButton-containedPrimary",
              "containedSecondary": "MuiButton-containedSecondary",
              "containedSizeLarge": "MuiButton-containedSizeLarge",
              "containedSizeSmall": "MuiButton-containedSizeSmall",
              "disableElevation": "MuiButton-disableElevation",
              "disabled": "Mui-disabled",
              "endIcon": "MuiButton-endIcon",
              "focusVisible": "Mui-focusVisible",
              "fullWidth": "MuiButton-fullWidth",
              "iconSizeLarge": "MuiButton-iconSizeLarge",
              "iconSizeMedium": "MuiButton-iconSizeMedium",
              "iconSizeSmall": "MuiButton-iconSizeSmall",
              "label": "MuiButton-label",
              "outlined": "MuiButton-outlined",
              "outlinedPrimary": "MuiButton-outlinedPrimary",
              "outlinedSecondary": "MuiButton-outlinedSecondary",
              "outlinedSizeLarge": "MuiButton-outlinedSizeLarge",
              "outlinedSizeSmall": "MuiButton-outlinedSizeSmall",
              "root": "MuiButton-root",
              "sizeLarge": "MuiButton-sizeLarge",
              "sizeSmall": "MuiButton-sizeSmall",
              "startIcon": "MuiButton-startIcon",
              "text": "MuiButton-text",
              "textPrimary": "MuiButton-textPrimary",
              "textSecondary": "MuiButton-textSecondary",
              "textSizeLarge": "MuiButton-textSizeLarge",
              "textSizeSmall": "MuiButton-textSizeSmall",
            }
          }
          disabled={false}
          onClick={[Function]}
          variant="contained"
        >
          <WithStyles(ForwardRef(ButtonBase))
            className="MuiButton-root MuiButton-contained"
            component="button"
            disabled={false}
            focusRipple={true}
            focusVisibleClassName="Mui-focusVisible"
            onClick={[Function]}
            type="button"
          >
            <ForwardRef(ButtonBase)
              className="MuiButton-root MuiButton-contained"
              classes={
                Object {
                  "disabled": "Mui-disabled",
                  "focusVisible": "Mui-focusVisible",
                  "root": "MuiButtonBase-root",
                }
              }
              component="button"
              disabled={false}
              focusRipple={true}
              focusVisibleClassName="Mui-focusVisible"
              onClick={[Function]}
              type="button"
            >
              <button
                className="MuiButtonBase-root MuiButton-root MuiButton-contained"
                disabled={false}
                onBlur={[Function]}
                onClick={[Function]}
                onDragLeave={[Function]}
                onFocus={[Function]}
                onKeyDown={[Function]}
                onKeyUp={[Function]}
                onMouseDown={[Function]}
                onMouseLeave={[Function]}
                onMouseUp={[Function]}
                onTouchEnd={[Function]}
                onTouchMove={[Function]}
                onTouchStart={[Function]}
                tabIndex={0}
                type="button"
              >
                <span
                  className="MuiButton-label"
                >
                  Generate
                </span>
                <WithStyles(memo)
                  center={false}
                >
                  <ForwardRef(TouchRipple)
                    center={false}
                    classes={
                      Object {
                        "child": "MuiTouchRipple-child",
                        "childLeaving": "MuiTouchRipple-childLeaving",
                        "childPulsate": "MuiTouchRipple-childPulsate",
                        "ripple": "MuiTouchRipple-ripple",
                        "ripplePulsate": "MuiTouchRipple-ripplePulsate",
                        "rippleVisible": "MuiTouchRipple-rippleVisible",
                        "root": "MuiTouchRipple-root",
                      }
                    }
                  >
                    <span
                      className="MuiTouchRipple-root"
                    >
                      <TransitionGroup
                        childFactory={[Function]}
                        component={null}
                        exit={true}
                      />
                    </span>
                  </ForwardRef(TouchRipple)>
                </WithStyles(memo)>
              </button>
            </ForwardRef(ButtonBase)>
          </WithStyles(ForwardRef(ButtonBase))>
        </ForwardRef(Button)>
      </WithStyles(ForwardRef(Button))>
    </div>
  </div>
</DocumentViewerRegeneratePreviews>
`;

exports[`Document Regenerate Previews component should render without crashing 1`] = `
<div
  className="makeStyles-mainWrapper-1"
>
  <div
    className="makeStyles-regenerateWrapper-2"
  >
    <WithStyles(ForwardRef(Typography))
      align="center"
      color="textSecondary"
      gutterBottom={true}
      variant="subtitle1"
    >
      The preview images are not generated yet. Do you want to generate them?
    </WithStyles(ForwardRef(Typography))>
    <WithStyles(ForwardRef(Button))
      disabled={false}
      onClick={[Function]}
      variant="contained"
    >
      Generate
    </WithStyles(ForwardRef(Button))>
  </div>
</div>
`;
