// Jest Snapshot v1, https://goo.gl/fbAQLP

exports[`Document Viewer Loading component should render without crashing 1`] = `
<div
  style={
    Object {
      "alignContent": "center",
      "alignItems": "center",
      "display": "flex",
      "height": "100%",
      "justifyContent": "space-around",
    }
  }
>
  <Component
    style={
      Object {
        "position": "fixed",
        "top": 0,
      }
    }
  >
    <span />
  </Component>
  <div
    style={
      Object {
        "alignItems": "center",
        "display": "flex",
        "flexDirection": "column",
        "justifyContent": "space-between",
        "margin": ".5em 0 .6em 0",
        "maxWidth": 500,
      }
    }
  >
    <img
      src=""
    />
    <WithStyles(ForwardRef(Typography))
      align="center"
      color="textSecondary"
      style={
        Object {
          "fontWeight": "bolder",
        }
      }
      variant="h5"
    >
      Preview image generation is in progress
    </WithStyles(ForwardRef(Typography))>
  </div>
</div>
`;
