// Jest Snapshot v1, https://goo.gl/fbAQLP

exports[`Layout AppBar component should match snapshot with children 1`] = `
<WithStyles(ForwardRef(AppBar))
  position="sticky"
  style={
    Object {
      "position": "relative",
      "zIndex": 1,
    }
  }
>
  <WithStyles(ForwardRef(Toolbar))
    style={
      Object {
        "display": "flex",
        "justifyContent": "space-between",
      }
    }
  >
    <span>
      test
    </span>
  </WithStyles(ForwardRef(Toolbar))>
</WithStyles(ForwardRef(AppBar))>
`;
