// Jest Snapshot v1, https://goo.gl/fbAQLP

exports[`DownloadWidget component Should render without crashing 1`] = `
<div
  style={
    Object {
      "display": "inline-block",
    }
  }
>
  <WithStyles(ForwardRef(IconButton))
    color="inherit"
    id="Print"
    onClick={[Function]}
    title=""
  >
    <PrintIcon />
  </WithStyles(ForwardRef(IconButton))>
</div>
`;
