// Jest Snapshot v1, https://goo.gl/fbAQLP

exports[`RotateActivePage component Should render without crashing 1`] = `
<div
  style={
    Object {
      "display": "inline-block",
    }
  }
>
  <WithStyles(ForwardRef(IconButton))
    color="inherit"
    id="RotateActiveLeft"
    onClick={[Function]}
    title="rotateDocumentLeft"
  >
    <RotateLeftIcon />
  </WithStyles(ForwardRef(IconButton))>
  <WithStyles(ForwardRef(IconButton))
    color="inherit"
    id="RotateActiveRight"
    onClick={[Function]}
    title="rotateDocumentRight"
  >
    <RotateRightIcon />
  </WithStyles(ForwardRef(IconButton))>
</div>
`;
