// Jest Snapshot v1, https://goo.gl/fbAQLP

exports[`ShapesSkeleton component should render without crashing 1`] = `
<ShapeSkeleton
  removeShape={[Function]}
  rotationDegree={0}
  shape={
    Object {
      "guid": "testRedaction",
      "h": 1,
      "imageIndex": 1,
      "w": 1,
      "x": 10,
      "y": 10,
    }
  }
  shapeType="redactions"
  updateShapeData={[Function]}
  zoomRatio={1}
>
  <div
    onBlur={[Function]}
    onClickCapture={[Function]}
    onFocus={[Function]}
    onKeyUp={[Function]}
    style={
      Object {
        "filter": "",
      }
    }
  >
    <ShapeRedaction
      dimensions={
        Object {
          "height": 1,
          "left": 10,
          "top": 10,
          "width": 1,
        }
      }
      onDragStart={[Function]}
      onResized={[Function]}
      permissions={
        Object {
          "canEdit": false,
          "canHideRedaction": false,
          "canHideWatermark": false,
        }
      }
      removeShape={[Function]}
      shape={
        Object {
          "guid": "testRedaction",
          "h": 1,
          "imageIndex": 1,
          "w": 1,
          "x": 10,
          "y": 10,
        }
      }
      zoomRatio={1}
    >
      <div
        className="makeStyles-root-1 makeStyles-root-3"
        draggable={false}
        key="r-1-1"
        onContextMenu={[Function]}
        onDragStart={[Function]}
        onMouseUp={[Function]}
        tabIndex={0}
      />
      <ForwardRef(Popper)
        anchorEl={null}
        open={false}
        placement="right-start"
      />
    </ShapeRedaction>
  </div>
</ShapeSkeleton>
`;
