// Jest Snapshot v1, https://goo.gl/fbAQLP

exports[`Thumbnails component should match snapshot with one page 1`] = `
<WithStyles(ForwardRef(Grid))
  id="sn-document-viewer-thumbnails"
  innerRef={
    Object {
      "current": undefined,
    }
  }
  item={true}
  style={
    Object {
      "flexGrow": 1,
      "flexShrink": 1,
      "overflow": "auto",
    }
  }
>
  <div
    style={
      Object {
        "alignItems": "center",
        "display": "flex",
        "flexDirection": "column",
        "justifyContent": "center",
        "paddingBottom": 0,
        "paddingTop": 0,
      }
    }
  />
</WithStyles(ForwardRef(Grid))>
`;
