// Jest Snapshot v1, https://goo.gl/fbAQLP

exports[`Component ToggleBase should render without crashing 1`] = `
<div
  style={
    Object {
      "display": "inline-block",
    }
  }
>
  <WithStyles(ForwardRef(IconButton))
    color="primary"
    onClick={[Function]}
    style={
      Object {
        "opacity": 0.5,
      }
    }
    title="Test"
  >
    <span>
      Some children
    </span>
  </WithStyles(ForwardRef(IconButton))>
</div>
`;

exports[`Component ToggleRedaction should render without crashing 1`] = `
<Component
  isVisible={true}
  setValue={[Function]}
  title="Toggle redaction"
>
  <PictureInPictureIcon />
</Component>
`;

exports[`Component ToggleShapes should render without crashing 1`] = `
<Component
  isVisible={true}
  setValue={[Function]}
  title="Toggle shapes"
>
  <DashboardIcon />
</Component>
`;

exports[`Component ToggleThumbnails should render without crashing 1`] = `
<Component
  isVisible={false}
  setValue={[Function]}
  title="Toggle thumbnails"
>
  <svg
    enableBackground="new 0 0 1000 1000"
    fill="#ffffff"
    style={
      Object {
        "height": "1em",
        "width": "1em",
      }
    }
    version="1.1"
    viewBox="0 0 1000 1000"
    xmlns="http://www.w3.org/2000/svg"
  >
    <g>
      <path
        d="M826.7,990H173.3C83.5,990,10,916.5,10,826.7V173.3C10,83.5,83.5,10,173.3,10h653.3C916.5,10,990,83.5,990,173.3v653.3C990,916.5,916.5,990,826.7,990z M173.3,91.7c-44.9,0-81.7,36.8-81.7,81.7v653.3c0,44.9,36.7,81.7,81.7,81.7h653.3c44.9,0,81.7-36.8,81.7-81.7V173.3c0-44.9-36.8-81.7-81.7-81.7H173.3z"
      />
      <path
        d="M336.7,990c-24.5,0-40.8-16.3-40.8-40.8V50.8c0-24.5,16.3-40.8,40.8-40.8c24.5,0,40.8,16.3,40.8,40.8v898.3C377.5,973.7,361.2,990,336.7,990z"
      />
      <path
        d="M581.7,540.8c-12.2,0-20.4-4.1-28.6-12.3c-16.3-16.3-16.3-40.8,0-57.2l122.5-122.5c16.3-16.3,40.8-16.3,57.2,0s16.3,40.8,0,57.2L610.3,528.6C602.1,536.8,593.9,540.8,581.7,540.8z"
      />
      <path
        d="M704.2,663.3c-12.2,0-20.4-4.1-28.6-12.3L553.1,528.6c-16.3-16.3-16.3-40.8,0-57.2c16.3-16.3,40.8-16.3,57.2,0l122.5,122.5c16.3,16.3,16.3,40.8,0,57.2C724.6,659.3,716.4,663.3,704.2,663.3z"
      />
    </g>
  </svg>
</Component>
`;

exports[`Component ToggleWatermark should render without crashing 1`] = `
<Component
  isVisible={false}
  setValue={[Function]}
  title="Toggle watermark"
>
  <BrandingWatermarkIcon />
</Component>
`;
