// Jest Snapshot v1, https://goo.gl/fbAQLP

exports[`CurrentAncestors matches snapshot 1`] = `
<ContextProvider
  value={Array []}
/>
`;
