// Jest Snapshot v1, https://goo.gl/fbAQLP

exports[`Injector matches snapshot 1`] = `<Fragment />`;
