// Jest Snapshot v1, https://goo.gl/fbAQLP

exports[`LoadSettings matches snapshot 1`] = `
<ContextProvider
  value={
    Object {
      "loadAncestorsSettings": undefined,
      "loadChildrenSettings": Object {
        "expand": Array [
          "CreatedBy",
        ],
        "orderby": Array [
          Array [
            "DisplayName",
            "asc",
          ],
        ],
        "select": "all",
      },
      "loadSettings": undefined,
      "setLoadAncestorsSettings": [Function],
      "setLoadChildrenSettings": [Function],
      "setLoadSettings": [Function],
    }
  }
/>
`;
