// Jest Snapshot v1, https://goo.gl/fbAQLP

exports[`Repository matches snapshot 1`] = `<Fragment />`;
