// Jest Snapshot v1, https://goo.gl/fbAQLP

exports[`Repository Events Should match the snapshot 1`] = `
<div>
  "EventHub"
</div>
`;
