// Jest Snapshot v1, https://goo.gl/fbAQLP

exports[`Session Should match the snapshot 1`] = `
<div>
  "Object"
</div>
`;
